
> lantern-sdk-workspace@3.0.0 publish:local /home/ubuntu/repos/northgate-lantern-sdk-live-upgrade
> bash scripts/publish.sh

publish: @northgate/lantern-sdk@3.0.0 -> http://localhost:4873

> lantern-sdk-workspace@3.0.0 build /home/ubuntu/repos/northgate-lantern-sdk-live-upgrade
> ng build lantern-sdk --configuration production

Building Angular Package

------------------------------------------------------------------------------
Building entry point '@northgate/lantern-sdk'
------------------------------------------------------------------------------
- Compiling with Angular sources in Ivy partial compilation mode.
✔ Compiling with Angular sources in Ivy partial compilation mode.
- Writing FESM bundles
✔ Writing FESM bundles
- Copying assets
✔ Copying assets
- Writing package manifest
✔ Writing package manifest
✔ Built @northgate/lantern-sdk

------------------------------------------------------------------------------
Built Angular Package
 - from: /home/ubuntu/repos/northgate-lantern-sdk-live-upgrade/projects/lantern-sdk
 - to:   /home/ubuntu/repos/northgate-lantern-sdk-live-upgrade/dist/lantern-sdk
------------------------------------------------------------------------------

Build at: 2026-09-08T16:23:32.965Z - Time: 2360ms

verify-partial-ivy: @northgate/lantern-sdk@3.0.0 at /home/ubuntu/repos/northgate-lantern-sdk-live-upgrade/dist/lantern-sdk
  metadata files : 0
  js/mjs files   : 11
  d.ts files     : 9
  declarations   : ClassMetadata, Directive, Factory, Injectable, Injector, NgModule (compiler 13.4.0)
  peer @angular  : >=13.0.0 <14.0.0
  public API     : 7 symbols exported
  OK: Ivy partial compilation (APF v13), no View Engine output
verify-partial-ivy: @northgate/lantern-sdk@3.0.0 at /tmp/lantern-verify-4xauVJ/package
  metadata files : 0
  js/mjs files   : 11
  d.ts files     : 9
  declarations   : ClassMetadata, Directive, Factory, Injectable, Injector, NgModule (compiler 13.4.0)
  peer @angular  : >=13.0.0 <14.0.0
  public API     : 7 symbols exported
  OK: Ivy partial compilation (APF v13), no View Engine output
curl: (22) The requested URL returned error: 404
npm notice 
npm notice 📦  @northgate/lantern-sdk@3.0.0
npm notice === Tarball Contents === 
npm notice 1.6kB  package.json                               
npm notice 36.7kB fesm2015/northgate-lantern-sdk.mjs.map     
npm notice 36.4kB fesm2020/northgate-lantern-sdk.mjs.map     
npm notice 11.5kB esm2020/lib/lantern-router.service.mjs     
npm notice 6.7kB  esm2020/lib/lantern-session.interceptor.mjs
npm notice 7.7kB  esm2020/lib/lantern-track.directive.mjs    
npm notice 4.6kB  esm2020/lib/lantern.config.mjs             
npm notice 8.4kB  esm2020/lib/lantern.module.mjs             
npm notice 26.2kB esm2020/lib/lantern.service.mjs            
npm notice 4.3kB  esm2020/lib/lantern.vendor.mjs             
npm notice 524B   esm2020/northgate-lantern-sdk.mjs          
npm notice 21.8kB fesm2015/northgate-lantern-sdk.mjs         
npm notice 21.4kB fesm2020/northgate-lantern-sdk.mjs         
npm notice 1.7kB  esm2020/public-api.mjs                     
npm notice 1.4kB  lib/lantern-router.service.d.ts            
npm notice 1.3kB  lib/lantern-session.interceptor.d.ts       
npm notice 1.3kB  lib/lantern-track.directive.d.ts           
npm notice 2.1kB  lib/lantern.config.d.ts                    
npm notice 1.5kB  lib/lantern.module.d.ts                    
npm notice 2.4kB  lib/lantern.service.d.ts                   
npm notice 1.4kB  lib/lantern.vendor.d.ts                    
npm notice 127B   northgate-lantern-sdk.d.ts                 
npm notice 297B   public-api.d.ts                            
npm notice === Tarball Details === 
npm notice name:          @northgate/lantern-sdk                  
npm notice version:       3.0.0                                   
npm notice package size:  53.4 kB                                 
npm notice unpacked size: 201.2 kB                                
npm notice shasum:        1c53b09b8bcf72afd1c5279e158bb3bc383b4af6
npm notice integrity:     sha512-KZDImKGPf2Ods[...]QvhmyFcGB4ERQ==
npm notice total files:   23                                      
npm notice 
+ @northgate/lantern-sdk@3.0.0
publish: done. Tag it: git tag lantern-sdk-v3.0.0
