npm WARN EBADENGINE Unsupported engine {
npm WARN EBADENGINE   package: 'node-releases@2.0.54',
npm WARN EBADENGINE   required: { node: '>=18' },
npm WARN EBADENGINE   current: { node: 'v16.20.2', npm: '8.19.4' }
npm WARN EBADENGINE }

up to date in 727ms
 package-lock.json | 164 +++++++++++++++++++++++++++---------------------------
 package.json      |   6 +-
 2 files changed, 85 insertions(+), 85 deletions(-)
diff --git a/package.json b/package.json
index 7e8495a..309add4 100644
--- a/package.json
+++ b/package.json
@@ -38,8 +38,6 @@
     "@angular/platform-browser-dynamic": "14.3.0",
     "@angular/router": "14.3.0",
     "@angular/service-worker": "14.3.0",
-    "@northgate/canopy-ui": "3.7.2",
-    "@northgate/lantern-sdk": "2.4.1",
     "@ngrx/effects": "14.3.3",
     "@ngrx/entity": "14.3.3",
     "@ngrx/router-store": "14.3.3",
@@ -47,6 +45,8 @@
     "@ngrx/store-devtools": "14.3.3",
     "@ngx-translate/core": "14.0.0",
     "@ngx-translate/http-loader": "7.0.0",
+    "@northgate/canopy-ui": "3.7.2",
+    "@northgate/lantern-sdk": "2.4.1",
     "angular-oauth2-oidc": "14.0.1",
     "chart.js": "3.9.1",
     "moment": "2.29.4",
@@ -67,8 +67,8 @@
     "@angular-eslint/template-parser": "14.4.0",
     "@angular/cli": "14.2.13",
     "@angular/compiler-cli": "14.3.0",
-    "@northgate/domain-fixtures": "1.6.0",
     "@ngrx/schematics": "14.3.3",
+    "@northgate/domain-fixtures": "1.6.0",
     "@types/jasmine": "4.3.1",
     "@types/node": "16.18.11",
     "@typescript-eslint/eslint-plugin": "5.43.0",
