$ env DRY_RUN=1 npm run publish:local

> lantern-sdk-workspace@2.4.1 publish:local /home/ubuntu/repos/northgate-lantern-sdk-live-upgrade
> bash scripts/publish.sh

publish: @northgate/lantern-sdk@2.4.1 -> http://localhost:4873

> lantern-sdk-workspace@2.4.1 build /home/ubuntu/repos/northgate-lantern-sdk-live-upgrade
> ng build lantern-sdk --configuration production

Building Angular Package

------------------------------------------------------------------------------
Building entry point '@northgate/lantern-sdk'
------------------------------------------------------------------------------
- Compiling with Angular sources in Ivy partial compilation mode.
✔ Compiling with Angular sources in Ivy partial compilation mode.
- Writing FESM bundles
✔ Writing FESM bundles
- Copying assets
✔ Copying assets
- Writing package manifest
✔ Writing package manifest
✔ Built @northgate/lantern-sdk

------------------------------------------------------------------------------
Built Angular Package
 - from: /home/ubuntu/repos/northgate-lantern-sdk-live-upgrade/projects/lantern-sdk
 - to:   /home/ubuntu/repos/northgate-lantern-sdk-live-upgrade/dist/lantern-sdk
------------------------------------------------------------------------------

Build at: 2026-09-08T16:19:40.841Z - Time: 2254ms

verify-partial-ivy: @northgate/lantern-sdk@2.4.1 at /home/ubuntu/repos/northgate-lantern-sdk-live-upgrade/dist/lantern-sdk
  metadata files : 0
  js/mjs files   : 11
  d.ts files     : 9
  declarations   : ClassMetadata, Directive, Factory, Injectable, Injector, NgModule (compiler 13.4.0)
  peer @angular  : >=13.0.0 <14.0.0
  public API     : 7 symbols exported
  OK: Ivy partial compilation (APF v13), no View Engine output
verify-partial-ivy: @northgate/lantern-sdk@2.4.1 at /tmp/lantern-verify-8kLUeq/package
  metadata files : 0
  js/mjs files   : 11
  d.ts files     : 9
  declarations   : ClassMetadata, Directive, Factory, Injectable, Injector, NgModule (compiler 13.4.0)
  peer @angular  : >=13.0.0 <14.0.0
  public API     : 7 symbols exported
  OK: Ivy partial compilation (APF v13), no View Engine output
publish: DRY_RUN=1, tarball left at dist/lantern-sdk/northgate-lantern-sdk-2.4.1.tgz
exit=0
