$ npm run build

> lantern-sdk-workspace@2.4.1 build /home/ubuntu/repos/northgate-lantern-sdk-live-upgrade
> ng build lantern-sdk --configuration production

Building Angular Package

------------------------------------------------------------------------------
Building entry point '@northgate/lantern-sdk'
------------------------------------------------------------------------------
- Compiling with Angular in legacy View Engine compilation mode.
✔ Compiling with Angular in legacy View Engine compilation mode.
- Bundling to FESM2015
✔ Bundling to FESM2015
- Bundling to UMD
✔ Bundling to UMD
- Writing package metadata
✔ Writing package metadata
✔ Built @northgate/lantern-sdk

------------------------------------------------------------------------------
Built Angular Package
 - from: /home/ubuntu/repos/northgate-lantern-sdk-live-upgrade/projects/lantern-sdk
 - to:   /home/ubuntu/repos/northgate-lantern-sdk-live-upgrade/dist/lantern-sdk
------------------------------------------------------------------------------

Build at: 2026-09-08T16:03:19.222Z - Time: 3013ms

exit=0
