$ npm outdated
Package                             Current    Wanted  Latest  Location
@angular-devkit/build-angular       12.2.18   12.2.18  22.1.7  lantern-sdk-workspace
@angular/animations                 12.2.17   12.2.17  22.1.5  lantern-sdk-workspace
@angular/cli                        12.2.18   12.2.18  22.1.7  lantern-sdk-workspace
@angular/common                     12.2.17   12.2.17  22.1.5  lantern-sdk-workspace
@angular/compiler                   12.2.17   12.2.17  22.1.5  lantern-sdk-workspace
@angular/compiler-cli               12.2.17   12.2.17  22.1.5  lantern-sdk-workspace
@angular/core                       12.2.17   12.2.17  22.1.5  lantern-sdk-workspace
@angular/forms                      12.2.17   12.2.17  22.1.5  lantern-sdk-workspace
@angular/platform-browser           12.2.17   12.2.17  22.1.5  lantern-sdk-workspace
@angular/platform-browser-dynamic   12.2.17   12.2.17  22.1.5  lantern-sdk-workspace
@angular/router                     12.2.17   12.2.17  22.1.5  lantern-sdk-workspace
@types/jasmine                        3.8.2     3.8.2   6.0.0  lantern-sdk-workspace
@types/node                        16.18.11  16.18.11  26.5.0  lantern-sdk-workspace
jasmine-core                          3.8.0     3.8.0   7.0.2  lantern-sdk-workspace
karma                                6.3.20    6.3.20   6.4.4  lantern-sdk-workspace
karma-chrome-launcher                 3.1.1     3.1.1   3.2.0  lantern-sdk-workspace
karma-coverage                        2.0.3     2.0.3   2.2.1  lantern-sdk-workspace
karma-jasmine                         4.0.2     4.0.2   5.1.0  lantern-sdk-workspace
karma-jasmine-html-reporter           1.7.0     1.7.0   2.3.0  lantern-sdk-workspace
ng-packagr                           12.2.7    12.2.7  22.1.1  lantern-sdk-workspace
rxjs                                  6.6.7     6.6.7   7.8.2  lantern-sdk-workspace
tslib                                 2.3.1     2.3.1   2.8.1  lantern-sdk-workspace
typescript                            4.3.5     4.3.5   7.0.2  lantern-sdk-workspace
zone.js                              0.11.4    0.11.4  0.16.3  lantern-sdk-workspace
exit=1
