$ npm audit --production
npm notice This endpoint is being retired. Use the bulk advisory endpoint instead. See the following docs for more info: https://api-docs.npmjs.com/#tag/Audit
=== npm audit security report ===                        
                                                                                
┌──────────────────────────────────────────────────────────────────────────────┐
│                                Manual Review                                 │
│            Some vulnerabilities require your attention to resolve            │
│                                                                              │
│         Visit https://go.npm.me/audit-guide for additional guidance          │
└──────────────────────────────────────────────────────────────────────────────┘
┌───────────────┬──────────────────────────────────────────────────────────────┐
│ High          │ Angular i18n vulnerable to Cross-Site Scripting              │
├───────────────┼──────────────────────────────────────────────────────────────┤
│ Package       │ @angular/core                                                │
├───────────────┼──────────────────────────────────────────────────────────────┤
│ Patched in    │ No patch available                                           │
├───────────────┼──────────────────────────────────────────────────────────────┤
│ Dependency of │ @angular/core                                                │
├───────────────┼──────────────────────────────────────────────────────────────┤
│ Path          │ @angular/core                                                │
├───────────────┼──────────────────────────────────────────────────────────────┤
│ More info     │ https://github.com/advisories/GHSA-prjf-86w9-mfqv            │
└───────────────┴──────────────────────────────────────────────────────────────┘
┌───────────────┬──────────────────────────────────────────────────────────────┐
│ High          │ Angular has XSS Vulnerability via Unsanitized SVG Script     │
│               │ Attributes                                                   │
├───────────────┼──────────────────────────────────────────────────────────────┤
│ Package       │ @angular/core                                                │
├───────────────┼──────────────────────────────────────────────────────────────┤
│ Patched in    │ No patch available                                           │
├───────────────┼──────────────────────────────────────────────────────────────┤
│ Dependency of │ @angular/core                                                │
├───────────────┼──────────────────────────────────────────────────────────────┤
│ Path          │ @angular/core                                                │
├───────────────┼──────────────────────────────────────────────────────────────┤
│ More info     │ https://github.com/advisories/GHSA-jrmj-c5cx-3cw6            │
└───────────────┴──────────────────────────────────────────────────────────────┘
┌───────────────┬──────────────────────────────────────────────────────────────┐
│ Moderate      │ Angular: Template and Attribute Namespace Sanitization       │
│               │ Bypass (XSS)                                                 │
├───────────────┼──────────────────────────────────────────────────────────────┤
│ Package       │ @angular/core                                                │
├───────────────┼──────────────────────────────────────────────────────────────┤
│ Patched in    │ No patch available                                           │
├───────────────┼──────────────────────────────────────────────────────────────┤
│ Dependency of │ @angular/core                                                │
├───────────────┼──────────────────────────────────────────────────────────────┤
│ Path          │ @angular/core                                                │
├───────────────┼──────────────────────────────────────────────────────────────┤
│ More info     │ https://github.com/advisories/GHSA-f3m7-gqxr-g87x            │
└───────────────┴──────────────────────────────────────────────────────────────┘
┌───────────────┬──────────────────────────────────────────────────────────────┐
│ Moderate      │ @angular/core: Angular Template and Dynamic Component        │
│               │ Namespace Bypass leading to Cross-Site Scripting (XSS)       │
├───────────────┼──────────────────────────────────────────────────────────────┤
│ Package       │ @angular/core                                                │
├───────────────┼──────────────────────────────────────────────────────────────┤
│ Patched in    │ No patch available                                           │
├───────────────┼──────────────────────────────────────────────────────────────┤
│ Dependency of │ @angular/core                                                │
├───────────────┼──────────────────────────────────────────────────────────────┤
│ Path          │ @angular/core                                                │
├───────────────┼──────────────────────────────────────────────────────────────┤
│ More info     │ https://github.com/advisories/GHSA-692r-grfm-v8x7            │
└───────────────┴──────────────────────────────────────────────────────────────┘
┌───────────────┬──────────────────────────────────────────────────────────────┐
│ High          │ Angular Client Hydration DOM Clobbering & Response-Cache     │
│               │ Poisoning                                                    │
├───────────────┼──────────────────────────────────────────────────────────────┤
│ Package       │ @angular/core                                                │
├───────────────┼──────────────────────────────────────────────────────────────┤
│ Patched in    │ No patch available                                           │
├───────────────┼──────────────────────────────────────────────────────────────┤
│ Dependency of │ @angular/core                                                │
├───────────────┼──────────────────────────────────────────────────────────────┤
│ Path          │ @angular/core                                                │
├───────────────┼──────────────────────────────────────────────────────────────┤
│ More info     │ https://github.com/advisories/GHSA-rgjc-h3x7-9mwg            │
└───────────────┴──────────────────────────────────────────────────────────────┘
┌───────────────┬──────────────────────────────────────────────────────────────┐
│ High          │ Angular i18n: Cross-Site Scripting (XSS) via event-handler   │
│               │ attributes                                                   │
├───────────────┼──────────────────────────────────────────────────────────────┤
│ Package       │ @angular/core                                                │
├───────────────┼──────────────────────────────────────────────────────────────┤
│ Patched in    │ No patch available                                           │
├───────────────┼──────────────────────────────────────────────────────────────┤
│ Dependency of │ @angular/core                                                │
├───────────────┼──────────────────────────────────────────────────────────────┤
│ Path          │ @angular/core                                                │
├───────────────┼──────────────────────────────────────────────────────────────┤
│ More info     │ https://github.com/advisories/GHSA-jj27-h5hq-8x99            │
└───────────────┴──────────────────────────────────────────────────────────────┘
┌───────────────┬──────────────────────────────────────────────────────────────┐
│ High          │ Angular has XSS Vulnerability via Unsanitized SVG Script     │
│               │ Attributes                                                   │
├───────────────┼──────────────────────────────────────────────────────────────┤
│ Package       │ @angular/compiler                                            │
├───────────────┼──────────────────────────────────────────────────────────────┤
│ Patched in    │ No patch available                                           │
├───────────────┼──────────────────────────────────────────────────────────────┤
│ Dependency of │ @angular/compiler                                            │
├───────────────┼──────────────────────────────────────────────────────────────┤
│ Path          │ @angular/compiler                                            │
├───────────────┼──────────────────────────────────────────────────────────────┤
│ More info     │ https://github.com/advisories/GHSA-jrmj-c5cx-3cw6            │
└───────────────┴──────────────────────────────────────────────────────────────┘
┌───────────────┬──────────────────────────────────────────────────────────────┐
│ High          │ Angular Stored XSS Vulnerability via SVG Animation, SVG URL  │
│               │ and MathML Attributes                                        │
├───────────────┼──────────────────────────────────────────────────────────────┤
│ Package       │ @angular/compiler                                            │
├───────────────┼──────────────────────────────────────────────────────────────┤
│ Patched in    │ No patch available                                           │
├───────────────┼──────────────────────────────────────────────────────────────┤
│ Dependency of │ @angular/compiler                                            │
├───────────────┼──────────────────────────────────────────────────────────────┤
│ Path          │ @angular/compiler                                            │
├───────────────┼──────────────────────────────────────────────────────────────┤
│ More info     │ https://github.com/advisories/GHSA-v4hv-rgfq-gp49            │
└───────────────┴──────────────────────────────────────────────────────────────┘
┌───────────────┬──────────────────────────────────────────────────────────────┐
│ Moderate      │ @angular/compiler: Two-Way Property Binding Sanitization     │
│               │ Bypass (XSS)                                                 │
├───────────────┼──────────────────────────────────────────────────────────────┤
│ Package       │ @angular/compiler                                            │
├───────────────┼──────────────────────────────────────────────────────────────┤
│ Patched in    │ No patch available                                           │
├───────────────┼──────────────────────────────────────────────────────────────┤
│ Dependency of │ @angular/compiler                                            │
├───────────────┼──────────────────────────────────────────────────────────────┤
│ Path          │ @angular/compiler                                            │
├───────────────┼──────────────────────────────────────────────────────────────┤
│ More info     │ https://github.com/advisories/GHSA-58w9-8g37-x9v5            │
└───────────────┴──────────────────────────────────────────────────────────────┘
┌───────────────┬──────────────────────────────────────────────────────────────┐
│ Moderate      │ Angular: Template and Attribute Namespace Sanitization       │
│               │ Bypass (XSS)                                                 │
├───────────────┼──────────────────────────────────────────────────────────────┤
│ Package       │ @angular/compiler                                            │
├───────────────┼──────────────────────────────────────────────────────────────┤
│ Patched in    │ No patch available                                           │
├───────────────┼──────────────────────────────────────────────────────────────┤
│ Dependency of │ @angular/compiler                                            │
├───────────────┼──────────────────────────────────────────────────────────────┤
│ Path          │ @angular/compiler                                            │
├───────────────┼──────────────────────────────────────────────────────────────┤
│ More info     │ https://github.com/advisories/GHSA-f3m7-gqxr-g87x            │
└───────────────┴──────────────────────────────────────────────────────────────┘
┌───────────────┬──────────────────────────────────────────────────────────────┐
│ High          │ Angular i18n: Cross-Site Scripting (XSS) via event-handler   │
│               │ attributes                                                   │
├───────────────┼──────────────────────────────────────────────────────────────┤
│ Package       │ @angular/compiler                                            │
├───────────────┼──────────────────────────────────────────────────────────────┤
│ Patched in    │ No patch available                                           │
├───────────────┼──────────────────────────────────────────────────────────────┤
│ Dependency of │ @angular/compiler                                            │
├───────────────┼──────────────────────────────────────────────────────────────┤
│ Path          │ @angular/compiler                                            │
├───────────────┼──────────────────────────────────────────────────────────────┤
│ More info     │ https://github.com/advisories/GHSA-jj27-h5hq-8x99            │
└───────────────┴──────────────────────────────────────────────────────────────┘
┌───────────────┬──────────────────────────────────────────────────────────────┐
│ High          │ Angular is Vulnerable to XSRF Token Leakage via              │
│               │ Protocol-Relative URLs in Angular HTTP Client                │
├───────────────┼──────────────────────────────────────────────────────────────┤
│ Package       │ @angular/common                                              │
├───────────────┼──────────────────────────────────────────────────────────────┤
│ Patched in    │ >=19.2.16                                                    │
├───────────────┼──────────────────────────────────────────────────────────────┤
│ Dependency of │ @angular/common                                              │
├───────────────┼──────────────────────────────────────────────────────────────┤
│ Path          │ @angular/common                                              │
├───────────────┼──────────────────────────────────────────────────────────────┤
│ More info     │ https://github.com/advisories/GHSA-58c5-g7wp-6w37            │
└───────────────┴──────────────────────────────────────────────────────────────┘
┌───────────────┬──────────────────────────────────────────────────────────────┐
│ High          │ @angular/common: Denial of Service (DoS) via OOM in Date     │
│               │ Formatting (formatDate)                                      │
├───────────────┼──────────────────────────────────────────────────────────────┤
│ Package       │ @angular/common                                              │
├───────────────┼──────────────────────────────────────────────────────────────┤
│ Patched in    │ No patch available                                           │
├───────────────┼──────────────────────────────────────────────────────────────┤
│ Dependency of │ @angular/common                                              │
├───────────────┼──────────────────────────────────────────────────────────────┤
│ Path          │ @angular/common                                              │
├───────────────┼──────────────────────────────────────────────────────────────┤
│ More info     │ https://github.com/advisories/GHSA-48r7-hpm6-gfxm            │
└───────────────┴──────────────────────────────────────────────────────────────┘
┌───────────────┬──────────────────────────────────────────────────────────────┐
│ High          │ @angular/common: Weak 32-Bit Cache Key Hashing in            │
│               │ `HttpTransferCache` Leading to Cross-Request Data Leakage    │
│               │ and State Poisoning                                          │
├───────────────┼──────────────────────────────────────────────────────────────┤
│ Package       │ @angular/common                                              │
├───────────────┼──────────────────────────────────────────────────────────────┤
│ Patched in    │ No patch available                                           │
├───────────────┼──────────────────────────────────────────────────────────────┤
│ Dependency of │ @angular/common                                              │
├───────────────┼──────────────────────────────────────────────────────────────┤
│ Path          │ @angular/common                                              │
├───────────────┼──────────────────────────────────────────────────────────────┤
│ More info     │ https://github.com/advisories/GHSA-39pv-4j6c-2g6v            │
└───────────────┴──────────────────────────────────────────────────────────────┘
┌───────────────┬──────────────────────────────────────────────────────────────┐
│ High          │ @angular/common: Denial of Service (DoS) via OOM in Number   │
│               │ Formatting (digitsInfo)                                      │
├───────────────┼──────────────────────────────────────────────────────────────┤
│ Package       │ @angular/common                                              │
├───────────────┼──────────────────────────────────────────────────────────────┤
│ Patched in    │ No patch available                                           │
├───────────────┼──────────────────────────────────────────────────────────────┤
│ Dependency of │ @angular/common                                              │
├───────────────┼──────────────────────────────────────────────────────────────┤
│ Path          │ @angular/common                                              │
├───────────────┼──────────────────────────────────────────────────────────────┤
│ More info     │ https://github.com/advisories/GHSA-p3vc-36g9-x9gr            │
└───────────────┴──────────────────────────────────────────────────────────────┘
┌───────────────┬──────────────────────────────────────────────────────────────┐
│ High          │ @angular/common: Information Leak via Default Caching of     │
│               │ Credentialed Requests in HttpTransferCache                   │
├───────────────┼──────────────────────────────────────────────────────────────┤
│ Package       │ @angular/common                                              │
├───────────────┼──────────────────────────────────────────────────────────────┤
│ Patched in    │ No patch available                                           │
├───────────────┼──────────────────────────────────────────────────────────────┤
│ Dependency of │ @angular/common                                              │
├───────────────┼──────────────────────────────────────────────────────────────┤
│ Path          │ @angular/common                                              │
├───────────────┼──────────────────────────────────────────────────────────────┤
│ More info     │ https://github.com/advisories/GHSA-q6f4-qqrg-jv6x            │
└───────────────┴──────────────────────────────────────────────────────────────┘
┌───────────────┬──────────────────────────────────────────────────────────────┐
│ High          │ Angular: Cache-Key Ambiguity in HttpTransferCache Leading to │
│               │ Cross-Request Response Reuse and State Poisoning             │
├───────────────┼──────────────────────────────────────────────────────────────┤
│ Package       │ @angular/common                                              │
├───────────────┼──────────────────────────────────────────────────────────────┤
│ Patched in    │ No patch available                                           │
├───────────────┼──────────────────────────────────────────────────────────────┤
│ Dependency of │ @angular/common                                              │
├───────────────┼──────────────────────────────────────────────────────────────┤
│ Path          │ @angular/common                                              │
├───────────────┼──────────────────────────────────────────────────────────────┤
│ More info     │ https://github.com/advisories/GHSA-jhpw-976m-542j            │
└───────────────┴──────────────────────────────────────────────────────────────┘
found 17 vulnerabilities (4 moderate, 13 high) in 13 scanned packages
  17 vulnerabilities require manual review. See the full report for details.
exit=1
