$ env DRY_RUN=1 npm run publish:local

> lantern-sdk-workspace@2.4.1 publish:local /home/ubuntu/repos/northgate-lantern-sdk-live-upgrade
> bash scripts/publish.sh

publish: @northgate/lantern-sdk@2.4.1 -> http://localhost:4873

> lantern-sdk-workspace@2.4.1 build /home/ubuntu/repos/northgate-lantern-sdk-live-upgrade
> ng build lantern-sdk --configuration production

Building Angular Package

------------------------------------------------------------------------------
Building entry point '@northgate/lantern-sdk'
------------------------------------------------------------------------------
- Compiling with Angular in legacy View Engine compilation mode.
✔ Compiling with Angular in legacy View Engine compilation mode.
- Bundling to FESM2015
✔ Bundling to FESM2015
- Bundling to UMD
✔ Bundling to UMD
- Writing package metadata
✔ Writing package metadata
✔ Built @northgate/lantern-sdk

------------------------------------------------------------------------------
Built Angular Package
 - from: /home/ubuntu/repos/northgate-lantern-sdk-live-upgrade/projects/lantern-sdk
 - to:   /home/ubuntu/repos/northgate-lantern-sdk-live-upgrade/dist/lantern-sdk
------------------------------------------------------------------------------

Build at: 2026-09-08T16:03:23.845Z - Time: 2993ms

verify-view-engine: @northgate/lantern-sdk@2.4.1 at /home/ubuntu/repos/northgate-lantern-sdk-live-upgrade/dist/lantern-sdk
  metadata files : 1
  js files       : 11
  d.ts files     : 9
  OK: View Engine format, no Ivy output
verify-view-engine: @northgate/lantern-sdk@2.4.1 at /tmp/lantern-verify-N25bMM/package
  metadata files : 1
  js files       : 11
  d.ts files     : 9
  OK: View Engine format, no Ivy output
publish: DRY_RUN=1, tarball left at dist/lantern-sdk/northgate-lantern-sdk-2.4.1.tgz
exit=0
